// Jest Snapshot v1, https://goo.gl/fbAQLP

exports[`renders dark without error 1`] = `
<DocumentFragment>
  <div />
</DocumentFragment>
`;

exports[`renders without error 1`] = `
<DocumentFragment>
  <div />
</DocumentFragment>
`;
